// Vitest Snapshot v1, https://vitest.dev/guide/snapshot.html

exports[`Input de busqueda > Renderiza 1`] = `
<div>
  <form
    class="sc-beySPh bJRPyz"
    data-testid="form"
  >
    <label
      class="sr-only"
      for="search"
    >
      Buscar productos
    </label>
    <input
      class="search__input"
      id="search"
      name="search"
      placeholder="Nunca dejes de buscar"
      type="search"
    />
    <button
      aria-label="Buscar"
      class="search__button"
      type="submit"
    >
      <img
        alt="Buscar"
        src="/images/search.png"
        width="20"
      />
    </button>
  </form>
</div>
`;
